// Jest Snapshot v1, https://goo.gl/fbAQLP

exports[`should add a filter 1`] = `"?genre=Fantasy&title=Passengers"`;

exports[`should format revenue 1`] = `"$12 M"`;

exports[`should format runtime 1`] = `"2h 3m"`;

exports[`should paginate movies 1`] = `
Array [
  Object {
    "actors": Array [
      "Henry Cavill",
      "Amy Adams",
      "Michael Shannon",
      "Diane Lane",
    ],
    "description": "Clark Kent, one of the last of an extinguished race disguised as an unremarkable human, is forced to reveal his identity when Earth is invaded by an army of survivors who threaten to bring the planet to the brink of destruction.",
    "director": "Zack Snyder",
    "genre": Array [
      "Action",
      "Adventure",
      "Fantasy",
    ],
    "metascore": "55",
    "rank": "295",
    "rating": "7.1",
    "revenue": "291.02",
    "runtime": "143",
    "title": "Man of Steel",
    "votes": "577010",
    "year": "2013",
  },
  Object {
    "actors": Array [
      "Mia Wasikowska",
      "Johnny Depp",
      "Helena Bonham Carter",
      "Anne Hathaway",
    ],
    "description": "Alice returns to the whimsical world of Wonderland and travels back in time to help the Mad Hatter.",
    "director": "James Bobin",
    "genre": Array [
      "Adventure",
      "Family",
      "Fantasy",
    ],
    "metascore": "34",
    "rank": "307",
    "rating": "6.2",
    "revenue": "77.04",
    "runtime": "113",
    "title": "Alice Through the Looking Glass",
    "votes": "57207",
    "year": "2016",
  },
  Object {
    "actors": Array [
      "Ian McKellen",
      "Martin Freeman",
      "Richard Armitage",
      "Cate Blanchett",
    ],
    "description": "Bilbo and Company are forced to engage in a war against an array of combatants and keep the Lonely Mountain from falling into the hands of a rising darkness.",
    "director": "Peter Jackson",
    "genre": Array [
      "Adventure",
      "Fantasy",
    ],
    "metascore": "59",
    "rank": "314",
    "rating": "7.4",
    "revenue": "255.11",
    "runtime": "144",
    "title": "The Hobbit: The Battle of the Five Armies",
    "votes": "385598",
    "year": "2014",
  },
  Object {
    "actors": Array [
      "Daniel Radcliffe",
      "Emma Watson",
      "Rupert Grint",
      "Brendan Gleeson",
    ],
    "description": "With their warning about Lord Voldemort's return scoffed at, Harry and Dumbledore are targeted by the Wizard authorities as an authoritarian bureaucrat slowly seizes power at Hogwarts.",
    "director": "David Yates",
    "genre": Array [
      "Adventure",
      "Family",
      "Fantasy",
    ],
    "metascore": "71",
    "rank": "315",
    "rating": "7.5",
    "revenue": "292",
    "runtime": "138",
    "title": "Harry Potter and the Order of the Phoenix",
    "votes": "385325",
    "year": "2007",
  },
  Object {
    "actors": Array [
      "Vin Diesel",
      "Rose Leslie",
      "Elijah Wood",
      "Ólafur Darri Ólafsson",
    ],
    "description": "The last witch hunter is all that stands between humanity and the combined forces of the most horrifying witches in history.",
    "director": "Breck Eisner",
    "genre": Array [
      "Action",
      "Adventure",
      "Fantasy",
    ],
    "metascore": "34",
    "rank": "326",
    "rating": "6",
    "revenue": "27.36",
    "runtime": "106",
    "title": "The Last Witch Hunter",
    "votes": "71149",
    "year": "2015",
  },
  Object {
    "actors": Array [
      "Kate Bosworth",
      "Thomas Jane",
      "Jacob Tremblay",
      "Annabeth Gish",
    ],
    "description": "A young couple adopt an orphaned child whose dreams - and nightmares - manifest physically as he sleeps.",
    "director": "Mike Flanagan",
    "genre": Array [
      "Drama",
      "Fantasy",
      "Horror",
    ],
    "metascore": "",
    "rank": "336",
    "rating": "6.1",
    "revenue": "",
    "runtime": "97",
    "title": "Before I Wake",
    "votes": "18201",
    "year": "2016",
  },
  Object {
    "actors": Array [
      "Bryce Dallas Howard",
      "Robert Redford",
      "Oakes Fegley",
      "Oona Laurence",
    ],
    "description": "The adventures of an orphaned boy named Pete and his best friend Elliot, who just so happens to be a dragon.",
    "director": "David Lowery",
    "genre": Array [
      "Adventure",
      "Family",
      "Fantasy",
    ],
    "metascore": "71",
    "rank": "344",
    "rating": "6.8",
    "revenue": "76.2",
    "runtime": "102",
    "title": "Pete's Dragon",
    "votes": "36322",
    "year": "2016",
  },
  Object {
    "actors": Array [
      "Charlie Cox",
      "Claire Danes",
      "Sienna Miller",
      "Ian McKellen",
    ],
    "description": "In a countryside town bordering on a magical land, a young man makes a promise to his beloved that he'll retrieve a fallen star by venturing into the magical realm.",
    "director": "Matthew Vaughn",
    "genre": Array [
      "Adventure",
      "Family",
      "Fantasy",
    ],
    "metascore": "66",
    "rank": "347",
    "rating": "7.7",
    "revenue": "38.35",
    "runtime": "127",
    "title": "Stardust",
    "votes": "220664",
    "year": "2007",
  },
  Object {
    "actors": Array [
      "Owen Wilson",
      "Rachel McAdams",
      "Kathy Bates",
      "Kurt Fuller",
    ],
    "description": "While on a trip to Paris with his fiancée's family, a nostalgic screenwriter finds himself mysteriously going back to the 1920s everyday at midnight.",
    "director": "Woody Allen",
    "genre": Array [
      "Comedy",
      "Fantasy",
      "Romance",
    ],
    "metascore": "81",
    "rank": "350",
    "rating": "7.7",
    "revenue": "56.82",
    "runtime": "94",
    "title": "Midnight in Paris",
    "votes": "320323",
    "year": "2011",
  },
  Object {
    "actors": Array [
      "Ben Barnes",
      "Julianne Moore",
      "Jeff Bridges",
      "Alicia Vikander",
    ],
    "description": "When Mother Malkin, the queen of evil witches, escapes the pit she was imprisoned in by professional monster hunter Spook decades ago and kills his apprentice, he recruits young Tom, the seventh son of the seventh son, to help him.",
    "director": "Sergei Bodrov",
    "genre": Array [
      "Action",
      "Adventure",
      "Fantasy",
    ],
    "metascore": "30",
    "rank": "356",
    "rating": "5.5",
    "revenue": "17.18",
    "runtime": "102",
    "title": "Seventh Son",
    "votes": "59958",
    "year": "2014",
  },
]
`;

exports[`should return all genres 1`] = `
Array [
  "Action",
  "Adventure",
  "Sci-Fi",
  "Mystery",
  "Horror",
  "Thriller",
  "Animation",
  "Comedy",
  "Family",
  "Fantasy",
  "Drama",
  "Music",
  "Biography",
  "Romance",
  "History",
  "Crime",
  "Western",
  "War",
  "Musical",
  "Sport",
]
`;

exports[`should return movies filtered by genre 1`] = `
Array [
  Object {
    "actors": Array [
      "Will Smith",
      "Jared Leto",
      "Margot Robbie",
      "Viola Davis",
    ],
    "description": "A secret government agency recruits some of the most dangerous incarcerated super-villains to form a defensive task force. Their first mission: save the world from the apocalypse.",
    "director": "David Ayer",
    "genre": Array [
      "Action",
      "Adventure",
      "Fantasy",
    ],
    "metascore": "40",
    "rank": "5",
    "rating": "6.2",
    "revenue": "325.02",
    "runtime": "123",
    "title": "Suicide Squad",
    "votes": "393727",
    "year": "2016",
  },
  Object {
    "actors": Array [
      "Matt Damon",
      "Tian Jing",
      "Willem Dafoe",
      "Andy Lau",
    ],
    "description": "European mercenaries searching for black powder become embroiled in the defense of the Great Wall of China against a horde of monstrous creatures.",
    "director": "Yimou Zhang",
    "genre": Array [
      "Action",
      "Adventure",
      "Fantasy",
    ],
    "metascore": "42",
    "rank": "6",
    "rating": "6.1",
    "revenue": "45.13",
    "runtime": "103",
    "title": "The Great Wall",
    "votes": "56036",
    "year": "2016",
  },
  Object {
    "actors": Array [
      "Eddie Redmayne",
      "Katherine Waterston",
      "Alison Sudol",
      "Dan Fogler",
    ],
    "description": "The adventures of writer Newt Scamander in New York's secret community of witches and wizards seventy years before Harry Potter reads his book in school.",
    "director": "David Yates",
    "genre": Array [
      "Adventure",
      "Family",
      "Fantasy",
    ],
    "metascore": "66",
    "rank": "11",
    "rating": "7.5",
    "revenue": "234.02",
    "runtime": "133",
    "title": "Fantastic Beasts and Where to Find Them",
    "votes": "232072",
    "year": "2016",
  },
  Object {
    "actors": Array [
      "Benedict Cumberbatch",
      "Chiwetel Ejiofor",
      "Rachel McAdams",
      "Benedict Wong",
    ],
    "description": "While on a journey of physical and spiritual healing, a brilliant neurosurgeon is drawn into the world of the mystic arts.",
    "director": "Scott Derrickson",
    "genre": Array [
      "Action",
      "Adventure",
      "Fantasy",
    ],
    "metascore": "72",
    "rank": "38",
    "rating": "7.6",
    "revenue": "232.6",
    "runtime": "115",
    "title": "Doctor Strange",
    "votes": "293732",
    "year": "2016",
  },
  Object {
    "actors": Array [
      "Johnny Depp",
      "Penélope Cruz",
      "Ian McShane",
      "Geoffrey Rush",
    ],
    "description": "Jack Sparrow and Barbossa embark on a quest to find the elusive fountain of youth, only to discover that Blackbeard and his daughter are after it too.",
    "director": "Rob Marshall",
    "genre": Array [
      "Action",
      "Adventure",
      "Fantasy",
    ],
    "metascore": "45",
    "rank": "46",
    "rating": "6.7",
    "revenue": "241.06",
    "runtime": "136",
    "title": "Pirates of the Caribbean: On Stranger Tides",
    "votes": "395025",
    "year": "2011",
  },
  Object {
    "actors": Array [
      "Hermione Corfield",
      "Addison Timlin",
      "Joely Richardson",
      "Jeremy Irvine",
    ],
    "description": "A young girl finds herself in a reform school after therapy since she was blamed for the death of a young boy. At the school she finds herself drawn to a fellow student, unaware that he is an angel, and has loved her for thousands of years.",
    "director": "Scott Hicks",
    "genre": Array [
      "Adventure",
      "Drama",
      "Fantasy",
    ],
    "metascore": "",
    "rank": "48",
    "rating": "5.6",
    "revenue": "",
    "runtime": "91",
    "title": "Fallen",
    "votes": "5103",
    "year": "2016",
  },
  Object {
    "actors": Array [
      "Daisy Ridley",
      "John Boyega",
      "Oscar Isaac",
      "Domhnall Gleeson",
    ],
    "description": "Three decades after the defeat of the Galactic Empire, a new threat arises. The First Order attempts to rule the galaxy and only a ragtag group of heroes can stop them, along with the help of the Resistance.",
    "director": "J.J. Abrams",
    "genre": Array [
      "Action",
      "Adventure",
      "Fantasy",
    ],
    "metascore": "81",
    "rank": "51",
    "rating": "8.1",
    "revenue": "936.63",
    "runtime": "136",
    "title": "Star Wars: Episode VII - The Force Awakens",
    "votes": "661608",
    "year": "2015",
  },
  Object {
    "actors": Array [
      "Kate Beckinsale",
      "Theo James",
      "Tobias Menzies",
      "Lara Pulver",
    ],
    "description": "Vampire death dealer, Selene (Kate Beckinsale) fights to end the eternal war between the Lycan clan and the Vampire faction that betrayed her.",
    "director": "Anna Foerster",
    "genre": Array [
      "Action",
      "Adventure",
      "Fantasy",
    ],
    "metascore": "23",
    "rank": "52",
    "rating": "5.8",
    "revenue": "30.35",
    "runtime": "91",
    "title": "Underworld: Blood Wars",
    "votes": "41362",
    "year": "2016",
  },
  Object {
    "actors": Array [
      "Lewis MacDougall",
      "Sigourney Weaver",
      "Felicity Jones",
      "Toby Kebbell",
    ],
    "description": "A boy seeks the help of a tree monster to cope with his single mother's terminal illness.",
    "director": "J.A. Bayona",
    "genre": Array [
      "Drama",
      "Fantasy",
    ],
    "metascore": "76",
    "rank": "73",
    "rating": "7.5",
    "revenue": "3.73",
    "runtime": "108",
    "title": "A Monster Calls",
    "votes": "39134",
    "year": "2016",
  },
  Object {
    "actors": Array [
      "Johnny Depp",
      "Orlando Bloom",
      "Keira Knightley",
      "Geoffrey Rush",
    ],
    "description": "Captain Barbossa, Will Turner and Elizabeth Swann must sail off the edge of the map, navigate treachery and betrayal, find Jack Sparrow, and make their final alliances for one last decisive battle.",
    "director": "Gore Verbinski",
    "genre": Array [
      "Action",
      "Adventure",
      "Fantasy",
    ],
    "metascore": "50",
    "rank": "76",
    "rating": "7.1",
    "revenue": "309.4",
    "runtime": "169",
    "title": "Pirates of the Caribbean: At World's End",
    "votes": "498821",
    "year": "2007",
  },
  Object {
    "actors": Array [
      "Johnny Depp",
      "Orlando Bloom",
      "Keira Knightley",
      "Jack Davenport",
    ],
    "description": "Jack Sparrow races to recover the heart of Davy Jones to avoid enslaving his soul to Jones' service, as other friends and foes seek the heart for their own agenda as well.",
    "director": "Gore Verbinski",
    "genre": Array [
      "Action",
      "Adventure",
      "Fantasy",
    ],
    "metascore": "53",
    "rank": "79",
    "rating": "7.3",
    "revenue": "423.03",
    "runtime": "151",
    "title": "Pirates of the Caribbean: Dead Man's Chest",
    "votes": "552027",
    "year": "2006",
  },
  Object {
    "actors": Array [
      "Melissa McCarthy",
      "Kristen Wiig",
      "Kate McKinnon",
      "Leslie Jones",
    ],
    "description": "Following a ghost invasion of Manhattan, paranormal enthusiasts Erin Gilbert and Abby Yates, nuclear engineer Jillian Holtzmann, and subway worker Patty Tolan band together to stop the otherworldly threat.",
    "director": "Paul Feig",
    "genre": Array [
      "Action",
      "Comedy",
      "Fantasy",
    ],
    "metascore": "60",
    "rank": "80",
    "rating": "5.3",
    "revenue": "128.34",
    "runtime": "116",
    "title": "Ghostbusters",
    "votes": "147717",
    "year": "2016",
  },
  Object {
    "actors": Array [
      "Sam Worthington",
      "Zoe Saldana",
      "Sigourney Weaver",
      "Michelle Rodriguez",
    ],
    "description": "A paraplegic marine dispatched to the moon Pandora on a unique mission becomes torn between following his orders and protecting the world he feels is his home.",
    "director": "James Cameron",
    "genre": Array [
      "Action",
      "Adventure",
      "Fantasy",
    ],
    "metascore": "83",
    "rank": "88",
    "rating": "7.8",
    "revenue": "760.51",
    "runtime": "162",
    "title": "Avatar",
    "votes": "935408",
    "year": "2009",
  },
  Object {
    "actors": Array [
      "Travis Fimmel",
      "Paula Patton",
      "Ben Foster",
      "Dominic Cooper",
    ],
    "description": "As an Orc horde invades the planet Azeroth using a magic portal, a few human heroes and dissenting Orcs must attempt to stop the true evil behind this war.",
    "director": "Duncan Jones",
    "genre": Array [
      "Action",
      "Adventure",
      "Fantasy",
    ],
    "metascore": "32",
    "rank": "92",
    "rating": "7",
    "revenue": "47.17",
    "runtime": "123",
    "title": "Warcraft",
    "votes": "187547",
    "year": "2016",
  },
  Object {
    "actors": Array [
      "Ryûnosuke Kamiki",
      "Mone Kamishiraishi",
      "Ryô Narita",
      "Aoi Yuki",
    ],
    "description": "Two strangers find themselves linked in a bizarre way. When a connection forms, will distance be the only thing to keep them apart?",
    "director": "Makoto Shinkai",
    "genre": Array [
      "Animation",
      "Drama",
      "Fantasy",
    ],
    "metascore": "79",
    "rank": "97",
    "rating": "8.6",
    "revenue": "4.68",
    "runtime": "106",
    "title": "Kimi no na wa",
    "votes": "34110",
    "year": "2016",
  },
  Object {
    "actors": Array [
      "Chris Hemsworth",
      "Anthony Hopkins",
      "Natalie Portman",
      "Tom Hiddleston",
    ],
    "description": "The powerful but arrogant god Thor is cast out of Asgard to live amongst humans in Midgard (Earth), where he soon becomes one of their finest defenders.",
    "director": "Kenneth Branagh",
    "genre": Array [
      "Action",
      "Adventure",
      "Fantasy",
    ],
    "metascore": "57",
    "rank": "102",
    "rating": "7",
    "revenue": "181.02",
    "runtime": "115",
    "title": "Thor",
    "votes": "570814",
    "year": "2011",
  },
  Object {
    "actors": Array [
      "Gerard Butler",
      "Lena Headey",
      "David Wenham",
      "Dominic West",
    ],
    "description": "King Leonidas of Sparta and a force of 300 men fight the Persians at Thermopylae in 480 B.C.",
    "director": "Zack Snyder",
    "genre": Array [
      "Action",
      "Fantasy",
      "War",
    ],
    "metascore": "52",
    "rank": "114",
    "rating": "7.7",
    "revenue": "210.59",
    "runtime": "117",
    "title": "300",
    "votes": "637104",
    "year": "2006",
  },
  Object {
    "actors": Array [
      "Daniel Radcliffe",
      "Emma Watson",
      "Rupert Grint",
      "Michael Gambon",
    ],
    "description": "Harry, Ron and Hermione search for Voldemort's remaining Horcruxes in their effort to destroy the Dark Lord as the final battle rages on at Hogwarts.",
    "director": "David Yates",
    "genre": Array [
      "Adventure",
      "Drama",
      "Fantasy",
    ],
    "metascore": "87",
    "rank": "115",
    "rating": "8.1",
    "revenue": "380.96",
    "runtime": "130",
    "title": "Harry Potter and the Deathly Hallows: Part 2",
    "votes": "590595",
    "year": "2011",
  },
  Object {
    "actors": Array [
      "Mark Rylance",
      "Ruby Barnhill",
      "Penelope Wilton",
      "Jemaine Clement",
    ],
    "description": "An orphan little girl befriends a benevolent giant who takes her to Giant Country, where they attempt to stop the man-eating giants that are invading the human world.",
    "director": "Steven Spielberg",
    "genre": Array [
      "Adventure",
      "Family",
      "Fantasy",
    ],
    "metascore": "66",
    "rank": "151",
    "rating": "6.4",
    "revenue": "55.47",
    "runtime": "117",
    "title": "The BFG",
    "votes": "50853",
    "year": "2016",
  },
  Object {
    "actors": Array [
      "Michael Cera",
      "Mary Elizabeth Winstead",
      "Kieran Culkin",
      "Alison Pill",
    ],
    "description": "Scott Pilgrim must defeat his new girlfriend's seven evil exes in order to win her heart.",
    "director": "Edgar Wright",
    "genre": Array [
      "Action",
      "Comedy",
      "Fantasy",
    ],
    "metascore": "69",
    "rank": "159",
    "rating": "7.5",
    "revenue": "31.49",
    "runtime": "112",
    "title": "Scott Pilgrim vs. the World",
    "votes": "291457",
    "year": "2010",
  },
  Object {
    "actors": Array [
      "Kristen Stewart",
      "Robert Pattinson",
      "Billy Burke",
      "Sarah Clarke",
    ],
    "description": "A teenage girl risks everything when she falls in love with a vampire.",
    "director": "Catherine Hardwicke",
    "genre": Array [
      "Drama",
      "Fantasy",
      "Romance",
    ],
    "metascore": "56",
    "rank": "166",
    "rating": "5.2",
    "revenue": "191.45",
    "runtime": "122",
    "title": "Twilight",
    "votes": "361449",
    "year": "2008",
  },
  Object {
    "actors": Array [
      "Lily James",
      "Cate Blanchett",
      "Richard Madden",
      "Helena Bonham Carter",
    ],
    "description": "When her father unexpectedly passes away, young Ella finds herself at the mercy of her cruel stepmother and her scheming step-sisters. Never one to give up hope, Ella's fortunes begin to change after meeting a dashing stranger.",
    "director": "Kenneth Branagh",
    "genre": Array [
      "Drama",
      "Family",
      "Fantasy",
    ],
    "metascore": "67",
    "rank": "183",
    "rating": "7",
    "revenue": "201.15",
    "runtime": "105",
    "title": "Cinderella",
    "votes": "117018",
    "year": "2015",
  },
  Object {
    "actors": Array [
      "Mia Wasikowska",
      "Jessica Chastain",
      "Tom Hiddleston",
      "Charlie Hunnam",
    ],
    "description": "In the aftermath of a family tragedy, an aspiring author is torn between love for her childhood friend and the temptation of a mysterious outsider. Trying to escape the ghosts of her past, she is swept away to a house that breathes, bleeds - and remembers.",
    "director": "Guillermo del Toro",
    "genre": Array [
      "Drama",
      "Fantasy",
      "Horror",
    ],
    "metascore": "66",
    "rank": "188",
    "rating": "6.6",
    "revenue": "31.06",
    "runtime": "119",
    "title": "Crimson Peak",
    "votes": "97454",
    "year": "2015",
  },
  Object {
    "actors": Array [
      "Dane DeHaan",
      "Jason Isaacs",
      "Mia Goth",
      "Ivo Nandi",
    ],
    "description": "An ambitious young executive is sent to retrieve his company's CEO from an idyllic but mysterious \\"wellness center\\" at a remote location in the Swiss Alps, but soon suspects that the spa's treatments are not what they seem.",
    "director": "Gore Verbinski",
    "genre": Array [
      "Drama",
      "Fantasy",
      "Horror",
    ],
    "metascore": "47",
    "rank": "202",
    "rating": "6.5",
    "revenue": "8.1",
    "runtime": "146",
    "title": "A Cure for Wellness",
    "votes": "12193",
    "year": "2016",
  },
  Object {
    "actors": Array [
      "Chris Hemsworth",
      "Natalie Portman",
      "Tom Hiddleston",
      "Stellan Skarsgård",
    ],
    "description": "When Dr. Jane Foster gets cursed with a powerful entity known as the Aether, Thor is heralded of the cosmic event known as the Convergence and the genocidal Dark Elves.",
    "director": "Alan Taylor",
    "genre": Array [
      "Action",
      "Adventure",
      "Fantasy",
    ],
    "metascore": "54",
    "rank": "215",
    "rating": "7",
    "revenue": "206.36",
    "runtime": "112",
    "title": "Thor: The Dark World",
    "votes": "443584",
    "year": "2013",
  },
  Object {
    "actors": Array [
      "Brenton Thwaites",
      "Nikolaj Coster-Waldau",
      "Gerard Butler",
      "Chadwick Boseman",
    ],
    "description": "Mortal hero Bek teams with the god Horus in an alliance against Set, the merciless god of darkness, who has usurped Egypt's throne, plunging the once peaceful and prosperous empire into chaos and conflict.",
    "director": "Alex Proyas",
    "genre": Array [
      "Action",
      "Adventure",
      "Fantasy",
    ],
    "metascore": "25",
    "rank": "216",
    "rating": "5.5",
    "revenue": "31.14",
    "runtime": "126",
    "title": "Gods of Egypt",
    "votes": "73568",
    "year": "2016",
  },
  Object {
    "actors": Array [
      "Ivana Baquero",
      "Ariadna Gil",
      "Sergi López",
      "Maribel Verdú",
    ],
    "description": "In the falangist Spain of 1944, the bookish young stepdaughter of a sadistic army officer escapes into an eerie but captivating fantasy world.",
    "director": "Guillermo del Toro",
    "genre": Array [
      "Drama",
      "Fantasy",
      "War",
    ],
    "metascore": "98",
    "rank": "231",
    "rating": "8.2",
    "revenue": "37.62",
    "runtime": "118",
    "title": "Pan's Labyrinth",
    "votes": "498879",
    "year": "2006",
  },
  Object {
    "actors": Array [
      "Logan Lerman",
      "Kevin McKidd",
      "Steve Coogan",
      "Brandon T. Jackson",
    ],
    "description": "A teenager discovers he's the descendant of a Greek god and sets out on an adventure to settle an on-going battle between the gods.",
    "director": "Chris Columbus",
    "genre": Array [
      "Adventure",
      "Family",
      "Fantasy",
    ],
    "metascore": "47",
    "rank": "245",
    "rating": "5.9",
    "revenue": "88.76",
    "runtime": "118",
    "title": "Percy Jackson & the Olympians: The Lightning Thief",
    "votes": "148949",
    "year": "2010",
  },
  Object {
    "actors": Array [
      "Martin Freeman",
      "Ian McKellen",
      "Richard Armitage",
      "Andy Serkis",
    ],
    "description": "A reluctant hobbit, Bilbo Baggins, sets out to the Lonely Mountain with a spirited group of dwarves to reclaim their mountain home - and the gold within it - from the dragon Smaug.",
    "director": "Peter Jackson",
    "genre": Array [
      "Adventure",
      "Fantasy",
    ],
    "metascore": "58",
    "rank": "272",
    "rating": "7.9",
    "revenue": "303",
    "runtime": "169",
    "title": "The Hobbit: An Unexpected Journey",
    "votes": "668651",
    "year": "2012",
  },
  Object {
    "actors": Array [
      "Emily Browning",
      "Vanessa Hudgens",
      "Abbie Cornish",
      "Jena Malone",
    ],
    "description": "A young girl is institutionalized by her abusive stepfather, retreating to an alternative reality as a coping strategy, envisioning a plan to help her escape.",
    "director": "Zack Snyder",
    "genre": Array [
      "Action",
      "Fantasy",
    ],
    "metascore": "33",
    "rank": "286",
    "rating": "6.1",
    "revenue": "36.38",
    "runtime": "110",
    "title": "Sucker Punch",
    "votes": "204874",
    "year": "2011",
  },
  Object {
    "actors": Array [
      "Henry Cavill",
      "Amy Adams",
      "Michael Shannon",
      "Diane Lane",
    ],
    "description": "Clark Kent, one of the last of an extinguished race disguised as an unremarkable human, is forced to reveal his identity when Earth is invaded by an army of survivors who threaten to bring the planet to the brink of destruction.",
    "director": "Zack Snyder",
    "genre": Array [
      "Action",
      "Adventure",
      "Fantasy",
    ],
    "metascore": "55",
    "rank": "295",
    "rating": "7.1",
    "revenue": "291.02",
    "runtime": "143",
    "title": "Man of Steel",
    "votes": "577010",
    "year": "2013",
  },
  Object {
    "actors": Array [
      "Mia Wasikowska",
      "Johnny Depp",
      "Helena Bonham Carter",
      "Anne Hathaway",
    ],
    "description": "Alice returns to the whimsical world of Wonderland and travels back in time to help the Mad Hatter.",
    "director": "James Bobin",
    "genre": Array [
      "Adventure",
      "Family",
      "Fantasy",
    ],
    "metascore": "34",
    "rank": "307",
    "rating": "6.2",
    "revenue": "77.04",
    "runtime": "113",
    "title": "Alice Through the Looking Glass",
    "votes": "57207",
    "year": "2016",
  },
  Object {
    "actors": Array [
      "Ian McKellen",
      "Martin Freeman",
      "Richard Armitage",
      "Cate Blanchett",
    ],
    "description": "Bilbo and Company are forced to engage in a war against an array of combatants and keep the Lonely Mountain from falling into the hands of a rising darkness.",
    "director": "Peter Jackson",
    "genre": Array [
      "Adventure",
      "Fantasy",
    ],
    "metascore": "59",
    "rank": "314",
    "rating": "7.4",
    "revenue": "255.11",
    "runtime": "144",
    "title": "The Hobbit: The Battle of the Five Armies",
    "votes": "385598",
    "year": "2014",
  },
  Object {
    "actors": Array [
      "Daniel Radcliffe",
      "Emma Watson",
      "Rupert Grint",
      "Brendan Gleeson",
    ],
    "description": "With their warning about Lord Voldemort's return scoffed at, Harry and Dumbledore are targeted by the Wizard authorities as an authoritarian bureaucrat slowly seizes power at Hogwarts.",
    "director": "David Yates",
    "genre": Array [
      "Adventure",
      "Family",
      "Fantasy",
    ],
    "metascore": "71",
    "rank": "315",
    "rating": "7.5",
    "revenue": "292",
    "runtime": "138",
    "title": "Harry Potter and the Order of the Phoenix",
    "votes": "385325",
    "year": "2007",
  },
  Object {
    "actors": Array [
      "Vin Diesel",
      "Rose Leslie",
      "Elijah Wood",
      "Ólafur Darri Ólafsson",
    ],
    "description": "The last witch hunter is all that stands between humanity and the combined forces of the most horrifying witches in history.",
    "director": "Breck Eisner",
    "genre": Array [
      "Action",
      "Adventure",
      "Fantasy",
    ],
    "metascore": "34",
    "rank": "326",
    "rating": "6",
    "revenue": "27.36",
    "runtime": "106",
    "title": "The Last Witch Hunter",
    "votes": "71149",
    "year": "2015",
  },
  Object {
    "actors": Array [
      "Kate Bosworth",
      "Thomas Jane",
      "Jacob Tremblay",
      "Annabeth Gish",
    ],
    "description": "A young couple adopt an orphaned child whose dreams - and nightmares - manifest physically as he sleeps.",
    "director": "Mike Flanagan",
    "genre": Array [
      "Drama",
      "Fantasy",
      "Horror",
    ],
    "metascore": "",
    "rank": "336",
    "rating": "6.1",
    "revenue": "",
    "runtime": "97",
    "title": "Before I Wake",
    "votes": "18201",
    "year": "2016",
  },
  Object {
    "actors": Array [
      "Bryce Dallas Howard",
      "Robert Redford",
      "Oakes Fegley",
      "Oona Laurence",
    ],
    "description": "The adventures of an orphaned boy named Pete and his best friend Elliot, who just so happens to be a dragon.",
    "director": "David Lowery",
    "genre": Array [
      "Adventure",
      "Family",
      "Fantasy",
    ],
    "metascore": "71",
    "rank": "344",
    "rating": "6.8",
    "revenue": "76.2",
    "runtime": "102",
    "title": "Pete's Dragon",
    "votes": "36322",
    "year": "2016",
  },
  Object {
    "actors": Array [
      "Charlie Cox",
      "Claire Danes",
      "Sienna Miller",
      "Ian McKellen",
    ],
    "description": "In a countryside town bordering on a magical land, a young man makes a promise to his beloved that he'll retrieve a fallen star by venturing into the magical realm.",
    "director": "Matthew Vaughn",
    "genre": Array [
      "Adventure",
      "Family",
      "Fantasy",
    ],
    "metascore": "66",
    "rank": "347",
    "rating": "7.7",
    "revenue": "38.35",
    "runtime": "127",
    "title": "Stardust",
    "votes": "220664",
    "year": "2007",
  },
  Object {
    "actors": Array [
      "Owen Wilson",
      "Rachel McAdams",
      "Kathy Bates",
      "Kurt Fuller",
    ],
    "description": "While on a trip to Paris with his fiancée's family, a nostalgic screenwriter finds himself mysteriously going back to the 1920s everyday at midnight.",
    "director": "Woody Allen",
    "genre": Array [
      "Comedy",
      "Fantasy",
      "Romance",
    ],
    "metascore": "81",
    "rank": "350",
    "rating": "7.7",
    "revenue": "56.82",
    "runtime": "94",
    "title": "Midnight in Paris",
    "votes": "320323",
    "year": "2011",
  },
  Object {
    "actors": Array [
      "Ben Barnes",
      "Julianne Moore",
      "Jeff Bridges",
      "Alicia Vikander",
    ],
    "description": "When Mother Malkin, the queen of evil witches, escapes the pit she was imprisoned in by professional monster hunter Spook decades ago and kills his apprentice, he recruits young Tom, the seventh son of the seventh son, to help him.",
    "director": "Sergei Bodrov",
    "genre": Array [
      "Action",
      "Adventure",
      "Fantasy",
    ],
    "metascore": "30",
    "rank": "356",
    "rating": "5.5",
    "revenue": "17.18",
    "runtime": "102",
    "title": "Seventh Son",
    "votes": "59958",
    "year": "2014",
  },
  Object {
    "actors": Array [
      "James Franco",
      "Jonah Hill",
      "Seth Rogen",
      "Jay Baruchel",
    ],
    "description": "While attending a party at James Franco's house, Seth Rogen, Jay Baruchel and many other celebrities are faced with the Biblical Apocalypse.",
    "director": "Evan Goldberg",
    "genre": Array [
      "Comedy",
      "Fantasy",
    ],
    "metascore": "67",
    "rank": "359",
    "rating": "6.6",
    "revenue": "101.47",
    "runtime": "107",
    "title": "This Is the End",
    "votes": "327838",
    "year": "2013",
  },
  Object {
    "actors": Array [
      "Domhnall Gleeson",
      "Rachel McAdams",
      "Bill Nighy",
      "Lydia Wilson",
    ],
    "description": "At the age of 21, Tim discovers he can travel in time and change what happens and has happened in his own life. His decision to make his world a better place by getting a girlfriend turns out not to be as easy as you might think.",
    "director": "Richard Curtis",
    "genre": Array [
      "Comedy",
      "Drama",
      "Fantasy",
    ],
    "metascore": "55",
    "rank": "360",
    "rating": "7.8",
    "revenue": "15.29",
    "runtime": "123",
    "title": "About Time",
    "votes": "221600",
    "year": "2013",
  },
  Object {
    "actors": Array [
      "Kristen Stewart",
      "Robert Pattinson",
      "Taylor Lautner",
      "Peter Facinelli",
    ],
    "description": "After the birth of Renesmee, the Cullens gather other vampire clans in order to protect the child from a false allegation that puts the family in front of the Volturi.",
    "director": "Bill Condon",
    "genre": Array [
      "Adventure",
      "Drama",
      "Fantasy",
    ],
    "metascore": "52",
    "rank": "367",
    "rating": "5.5",
    "revenue": "292.3",
    "runtime": "115",
    "title": "The Twilight Saga: Breaking Dawn - Part 2",
    "votes": "194329",
    "year": "2012",
  },
  Object {
    "actors": Array [
      "Angelina Jolie",
      "James McAvoy",
      "Morgan Freeman",
      "Terence Stamp",
    ],
    "description": "A frustrated office worker learns that he is the son of a professional assassin, and that he shares his father's superhuman killing abilities.",
    "director": "Timur Bekmambetov",
    "genre": Array [
      "Action",
      "Crime",
      "Fantasy",
    ],
    "metascore": "64",
    "rank": "374",
    "rating": "6.7",
    "revenue": "134.57",
    "runtime": "110",
    "title": "Wanted",
    "votes": "312495",
    "year": "2008",
  },
  Object {
    "actors": Array [
      "Jemaine Clement",
      "Taika Waititi",
      "Cori Gonzalez-Macuer",
      "Jonny Brugh",
    ],
    "description": "A documentary team films the lives of a group of vampires for a few months. The vampires share a house in Wellington, New Zealand. Turns out vampires have their own domestic problems too.",
    "director": "Jemaine Clement",
    "genre": Array [
      "Comedy",
      "Fantasy",
      "Horror",
    ],
    "metascore": "76",
    "rank": "381",
    "rating": "7.6",
    "revenue": "3.33",
    "runtime": "86",
    "title": "What We Do in the Shadows",
    "votes": "84016",
    "year": "2014",
  },
  Object {
    "actors": Array [
      "Blake Lively",
      "Michiel Huisman",
      "Harrison Ford",
      "Kathy Baker",
    ],
    "description": "A young woman, born at the turn of the 20th century, is rendered ageless after an accident. After many solitary years, she meets a man who complicates the eternal life she has settled into.",
    "director": "Lee Toland Krieger",
    "genre": Array [
      "Drama",
      "Fantasy",
      "Romance",
    ],
    "metascore": "51",
    "rank": "396",
    "rating": "7.2",
    "revenue": "42.48",
    "runtime": "112",
    "title": "The Age of Adaline",
    "votes": "112288",
    "year": "2015",
  },
  Object {
    "actors": Array [
      "Daniel Radcliffe",
      "Emma Watson",
      "Rupert Grint",
      "Bill Nighy",
    ],
    "description": "As Harry races against time and evil to destroy the Horcruxes, he uncovers the existence of three most powerful objects in the wizarding world: the Deathly Hallows.",
    "director": "David Yates",
    "genre": Array [
      "Adventure",
      "Family",
      "Fantasy",
    ],
    "metascore": "65",
    "rank": "419",
    "rating": "7.7",
    "revenue": "294.98",
    "runtime": "146",
    "title": "Harry Potter and the Deathly Hallows: Part 1",
    "votes": "357213",
    "year": "2010",
  },
  Object {
    "actors": Array [
      "Sullivan Stapleton",
      "Eva Green",
      "Lena Headey",
      "Hans Matheson",
    ],
    "description": "Greek general Themistokles leads the charge against invading Persian forces led by mortal-turned-god Xerxes and Artemisia, vengeful commander of the Persian navy.",
    "director": "Noam Murro",
    "genre": Array [
      "Action",
      "Drama",
      "Fantasy",
    ],
    "metascore": "48",
    "rank": "424",
    "rating": "6.2",
    "revenue": "106.37",
    "runtime": "102",
    "title": "300: Rise of an Empire",
    "votes": "237887",
    "year": "2014",
  },
  Object {
    "actors": Array [
      "Brad Pitt",
      "Cate Blanchett",
      "Tilda Swinton",
      "Julia Ormond",
    ],
    "description": "Tells the story of Benjamin Button, a man who starts aging backwards with bizarre consequences.",
    "director": "David Fincher",
    "genre": Array [
      "Drama",
      "Fantasy",
      "Romance",
    ],
    "metascore": "70",
    "rank": "426",
    "rating": "7.8",
    "revenue": "127.49",
    "runtime": "166",
    "title": "The Curious Case of Benjamin Button",
    "votes": "485075",
    "year": "2008",
  },
  Object {
    "actors": Array [
      "James Franco",
      "Michelle Williams",
      "Rachel Weisz",
      "Mila Kunis",
    ],
    "description": "A frustrated circus magician from Kansas is transported to a magical land called Oz, where he will have to fulfill a prophecy to become the king, and release the land from the Wicked Witches using his great (but fake) powers.",
    "director": "Sam Raimi",
    "genre": Array [
      "Adventure",
      "Family",
      "Fantasy",
    ],
    "metascore": "44",
    "rank": "441",
    "rating": "6.3",
    "revenue": "234.9",
    "runtime": "130",
    "title": "Oz the Great and Powerful",
    "votes": "181521",
    "year": "2013",
  },
  Object {
    "actors": Array [
      "Dakota Fanning",
      "Teri Hatcher",
      "John Hodgman",
      "Jennifer Saunders",
    ],
    "description": "An adventurous girl finds another world that is a strangely idealized version of her frustrating home, but it has sinister secrets.",
    "director": "Henry Selick",
    "genre": Array [
      "Animation",
      "Family",
      "Fantasy",
    ],
    "metascore": "80",
    "rank": "443",
    "rating": "7.7",
    "revenue": "75.28",
    "runtime": "100",
    "title": "Coraline",
    "votes": "156620",
    "year": "2009",
  },
  Object {
    "actors": Array [
      "Daniel Radcliffe",
      "Emma Watson",
      "Rupert Grint",
      "Michael Gambon",
    ],
    "description": "As Harry Potter begins his sixth year at Hogwarts, he discovers an old book marked as \\"the property of the Half-Blood Prince\\" and begins to learn more about Lord Voldemort's dark past.",
    "director": "David Yates",
    "genre": Array [
      "Adventure",
      "Family",
      "Fantasy",
    ],
    "metascore": "78",
    "rank": "474",
    "rating": "7.5",
    "revenue": "301.96",
    "runtime": "153",
    "title": "Harry Potter and the Half-Blood Prince",
    "votes": "351059",
    "year": "2009",
  },
  Object {
    "actors": Array [
      "Jared Leto",
      "Sarah Polley",
      "Diane Kruger",
      "Linh Dan Pham",
    ],
    "description": "A boy stands on a station platform as a train is about to leave. Should he go with his mother or stay with his father? Infinite possibilities arise from this decision. As long as he doesn't choose, anything is possible.",
    "director": "Jaco Van Dormael",
    "genre": Array [
      "Drama",
      "Fantasy",
      "Romance",
    ],
    "metascore": "63",
    "rank": "505",
    "rating": "7.9",
    "revenue": "",
    "runtime": "141",
    "title": "Mr. Nobody",
    "votes": "166872",
    "year": "2009",
  },
  Object {
    "actors": Array [
      "Ian McKellen",
      "Martin Freeman",
      "Richard Armitage",
      "Ken Stott",
    ],
    "description": "The dwarves, along with Bilbo Baggins and Gandalf the Grey, continue their quest to reclaim Erebor, their homeland, from Smaug. Bilbo Baggins is in possession of a mysterious and magical ring.",
    "director": "Peter Jackson",
    "genre": Array [
      "Adventure",
      "Fantasy",
    ],
    "metascore": "66",
    "rank": "519",
    "rating": "7.9",
    "revenue": "258.36",
    "runtime": "161",
    "title": "The Hobbit: The Desolation of Smaug",
    "votes": "513744",
    "year": "2013",
  },
  Object {
    "actors": Array [
      "Mia Wasikowska",
      "Johnny Depp",
      "Helena Bonham Carter",
      "Anne Hathaway",
    ],
    "description": "Nineteen-year-old Alice returns to the magical world from her childhood adventure, where she reunites with her old friends and learns of her true destiny: to end the Red Queen's reign of terror.",
    "director": "Tim Burton",
    "genre": Array [
      "Adventure",
      "Family",
      "Fantasy",
    ],
    "metascore": "53",
    "rank": "548",
    "rating": "6.5",
    "revenue": "334.19",
    "runtime": "108",
    "title": "Alice in Wonderland",
    "votes": "324898",
    "year": "2010",
  },
  Object {
    "actors": Array [
      "Luke Evans",
      "Dominic Cooper",
      "Sarah Gadon",
      "Art Parkinson",
    ],
    "description": "As his kingdom is being threatened by the Turks, young prince Vlad Tepes must become a monster feared by his own people in order to obtain the power needed to protect his own family, and the families of his kingdom.",
    "director": "Gary Shore",
    "genre": Array [
      "Action",
      "Drama",
      "Fantasy",
    ],
    "metascore": "40",
    "rank": "558",
    "rating": "6.3",
    "revenue": "55.94",
    "runtime": "92",
    "title": "Dracula Untold",
    "votes": "148504",
    "year": "2014",
  },
  Object {
    "actors": Array [
      "Jane Levy",
      "Shiloh Fernandez",
      "Jessica Lucas",
      "Lou Taylor Pucci",
    ],
    "description": "Five friends head to a remote cabin, where the discovery of a Book of the Dead leads them to unwittingly summon up demons living in the nearby woods.",
    "director": "Fede Alvarez",
    "genre": Array [
      "Fantasy",
      "Horror",
    ],
    "metascore": "57",
    "rank": "562",
    "rating": "6.5",
    "revenue": "54.24",
    "runtime": "91",
    "title": "Evil Dead",
    "votes": "133113",
    "year": "2013",
  },
  Object {
    "actors": Array [
      "Levi Miller",
      "Hugh Jackman",
      "Garrett Hedlund",
      "Rooney Mara",
    ],
    "description": "12-year-old orphan Peter is spirited away to the magical world of Neverland, where he finds both fun and danger, and ultimately discovers his destiny -- to become the hero who will be forever known as Peter Pan.",
    "director": "Joe Wright",
    "genre": Array [
      "Adventure",
      "Family",
      "Fantasy",
    ],
    "metascore": "36",
    "rank": "566",
    "rating": "5.8",
    "revenue": "34.96",
    "runtime": "111",
    "title": "Pan",
    "votes": "47804",
    "year": "2015",
  },
  Object {
    "actors": Array [
      "Sam Worthington",
      "Liam Neeson",
      "Ralph Fiennes",
      "Jason Flemyng",
    ],
    "description": "Perseus demigod, son of Zeus, battles the minions of the underworld to stop them from conquering heaven and earth.",
    "director": "Louis Leterrier",
    "genre": Array [
      "Action",
      "Adventure",
      "Fantasy",
    ],
    "metascore": "39",
    "rank": "576",
    "rating": "5.8",
    "revenue": "163.19",
    "runtime": "106",
    "title": "Clash of the Titans",
    "votes": "238206",
    "year": "2010",
  },
  Object {
    "actors": Array [
      "Nicolas Cage",
      "Eva Mendes",
      "Sam Elliott",
      "Matt Long",
    ],
    "description": "Stunt motorcyclist Johnny Blaze gives up his soul to become a hellblazing vigilante, to fight against power hungry Blackheart, the son of the devil himself.",
    "director": "Mark Steven Johnson",
    "genre": Array [
      "Action",
      "Fantasy",
      "Thriller",
    ],
    "metascore": "35",
    "rank": "586",
    "rating": "5.2",
    "revenue": "115.8",
    "runtime": "114",
    "title": "Ghost Rider",
    "votes": "190673",
    "year": "2007",
  },
  Object {
    "actors": Array [
      "Henry Cavill",
      "Mickey Rourke",
      "John Hurt",
      "Stephen Dorff",
    ],
    "description": "Theseus is a mortal man chosen by Zeus to lead the fight against the ruthless King Hyperion, who is on a rampage across Greece to obtain a weapon that can destroy humanity.",
    "director": "Tarsem Singh",
    "genre": Array [
      "Action",
      "Drama",
      "Fantasy",
    ],
    "metascore": "46",
    "rank": "588",
    "rating": "6",
    "revenue": "83.5",
    "runtime": "110",
    "title": "Immortals",
    "votes": "142900",
    "year": "2011",
  },
  Object {
    "actors": Array [
      "Ron Perlman",
      "Selma Blair",
      "Doug Jones",
      "John Alexander",
    ],
    "description": "The mythical world starts a rebellion against humanity in order to rule the Earth, so Hellboy and his team must save the world from the rebellious creatures.",
    "director": "Guillermo del Toro",
    "genre": Array [
      "Action",
      "Adventure",
      "Fantasy",
    ],
    "metascore": "78",
    "rank": "610",
    "rating": "7",
    "revenue": "75.75",
    "runtime": "120",
    "title": "Hellboy II: The Golden Army",
    "votes": "216932",
    "year": "2008",
  },
  Object {
    "actors": Array [
      "Alice Englert",
      "Viola Davis",
      "Emma Thompson",
      "Alden Ehrenreich",
    ],
    "description": "Ethan longs to escape his small Southern town. He meets a mysterious new girl, Lena. Together, they uncover dark secrets about their respective families, their history and their town.",
    "director": "Richard LaGravenese",
    "genre": Array [
      "Drama",
      "Fantasy",
      "Romance",
    ],
    "metascore": "52",
    "rank": "611",
    "rating": "6.2",
    "revenue": "19.45",
    "runtime": "124",
    "title": "Beautiful Creatures",
    "votes": "71822",
    "year": "2013",
  },
  Object {
    "actors": Array [
      "Rachel Weisz",
      "Mark Wahlberg",
      "Saoirse Ronan",
      "Susan Sarandon",
    ],
    "description": "Centers on a young girl who has been murdered and watches over her family - and her killer - from purgatory. She must weigh her desire for vengeance against her desire for her family to heal.",
    "director": "Peter Jackson",
    "genre": Array [
      "Drama",
      "Fantasy",
      "Thriller",
    ],
    "metascore": "42",
    "rank": "613",
    "rating": "6.7",
    "revenue": "43.98",
    "runtime": "135",
    "title": "The Lovely Bones",
    "votes": "130702",
    "year": "2009",
  },
  Object {
    "actors": Array [
      "Kate Beckinsale",
      "Michael Ealy",
      "India Eisley",
      "Stephen Rea",
    ],
    "description": "When human forces discover the existence of the Vampire and Lycan clans, a war to eradicate both species commences. The vampire warrior Selene leads the battle against humankind.",
    "director": "Måns Mårlind",
    "genre": Array [
      "Action",
      "Fantasy",
      "Horror",
    ],
    "metascore": "39",
    "rank": "622",
    "rating": "6.4",
    "revenue": "62.32",
    "runtime": "88",
    "title": "Underworld Awakening",
    "votes": "127157",
    "year": "2012",
  },
  Object {
    "actors": Array [
      "Patrick Stewart",
      "Hugh Jackman",
      "Halle Berry",
      "Famke Janssen",
    ],
    "description": "When a cure is found to treat mutations, lines are drawn amongst the X-Men, led by Professor Charles Xavier, and the Brotherhood, a band of powerful mutants organized under Xavier's former ally, Magneto.",
    "director": "Brett Ratner",
    "genre": Array [
      "Action",
      "Adventure",
      "Fantasy",
    ],
    "metascore": "58",
    "rank": "627",
    "rating": "6.7",
    "revenue": "234.36",
    "runtime": "104",
    "title": "X-Men: The Last Stand",
    "votes": "406540",
    "year": "2006",
  },
  Object {
    "actors": Array [
      "Dan Crisafulli",
      "Kay Whitney",
      "Richard Garcia",
      "Pat Cashman",
    ],
    "description": "A challenged man is stalked by tall phantoms in business suits after he purchases a car with a mysterious black credit card.",
    "director": "Jonathan Holbrook",
    "genre": Array [
      "Fantasy",
      "Horror",
      "Thriller",
    ],
    "metascore": "57",
    "rank": "648",
    "rating": "3.2",
    "revenue": "",
    "runtime": "133",
    "title": "Tall Men",
    "votes": "173",
    "year": "2016",
  },
  Object {
    "actors": Array [
      "Zoey Deutch",
      "Lucy Fry",
      "Danila Kozlovsky",
      "Gabriel Byrne",
    ],
    "description": "Rose Hathaway is a Dhampir, half human-half vampire, a guardian of the Moroi, peaceful, mortal vampires living discreetly within our world. Her calling is to protect the Moroi from bloodthirsty, immortal Vampires, the Strigoi.",
    "director": "Mark Waters",
    "genre": Array [
      "Action",
      "Comedy",
      "Fantasy",
    ],
    "metascore": "30",
    "rank": "650",
    "rating": "5.6",
    "revenue": "7.79",
    "runtime": "104",
    "title": "Vampire Academy",
    "votes": "44111",
    "year": "2014",
  },
  Object {
    "actors": Array [
      "Lily Collins",
      "Jamie Campbell Bower",
      "Robert Sheehan",
      "Jemima West",
    ],
    "description": "When her mother disappears, Clary Fray learns that she descends from a line of warriors who protect our world from demons. She joins forces with others like her and heads into a dangerous alternate New York called the Shadow World.",
    "director": "Harald Zwart",
    "genre": Array [
      "Action",
      "Fantasy",
      "Horror",
    ],
    "metascore": "33",
    "rank": "684",
    "rating": "5.9",
    "revenue": "31.17",
    "runtime": "130",
    "title": "The Mortal Instruments: City of Bones",
    "votes": "112313",
    "year": "2013",
  },
  Object {
    "actors": Array [
      "Suraj Sharma",
      "Irrfan Khan",
      "Adil Hussain",
      "Tabu",
    ],
    "description": "A young man who survives a disaster at sea is hurtled into an epic journey of adventure and discovery. While cast away, he forms an unexpected connection with another survivor: a fearsome Bengal tiger.",
    "director": "Ang Lee",
    "genre": Array [
      "Adventure",
      "Drama",
      "Fantasy",
    ],
    "metascore": "79",
    "rank": "695",
    "rating": "7.9",
    "revenue": "124.98",
    "runtime": "127",
    "title": "Life of Pi",
    "votes": "471109",
    "year": "2012",
  },
  Object {
    "actors": Array [
      "Mark Wahlberg",
      "Mila Kunis",
      "Seth MacFarlane",
      "Joel McHale",
    ],
    "description": "John Bennett, a man whose childhood wish of bringing his teddy bear to life came true, now must decide between keeping the relationship with the bear or his girlfriend, Lori.",
    "director": "Seth MacFarlane",
    "genre": Array [
      "Comedy",
      "Fantasy",
    ],
    "metascore": "62",
    "rank": "702",
    "rating": "7",
    "revenue": "218.63",
    "runtime": "106",
    "title": "Ted",
    "votes": "494641",
    "year": "2012",
  },
  Object {
    "actors": Array [
      "Emmanuel Garijo",
      "Tom Hudson",
      "Baptiste Goy",
      "Axel Devillers",
    ],
    "description": "A man is shipwrecked on a deserted island and encounters a red turtle, which changes his life.",
    "director": "Michael Dudok de Wit",
    "genre": Array [
      "Animation",
      "Fantasy",
    ],
    "metascore": "86",
    "rank": "712",
    "rating": "7.6",
    "revenue": "0.92",
    "runtime": "80",
    "title": "La tortue rouge",
    "votes": "11482",
    "year": "2016",
  },
  Object {
    "actors": Array [
      "Johnny Depp",
      "Michelle Pfeiffer",
      "Eva Green",
      "Helena Bonham Carter",
    ],
    "description": "An imprisoned vampire, Barnabas Collins, is set free and returns to his ancestral home, where his dysfunctional descendants are in need of his protection.",
    "director": "Tim Burton",
    "genre": Array [
      "Comedy",
      "Fantasy",
      "Horror",
    ],
    "metascore": "55",
    "rank": "726",
    "rating": "6.2",
    "revenue": "79.71",
    "runtime": "113",
    "title": "Dark Shadows",
    "votes": "209326",
    "year": "2012",
  },
  Object {
    "actors": Array [
      "Jessica Brown Findlay",
      "Andrew Scott",
      "Jeremy Irvine",
      "Tom Wilkinson",
    ],
    "description": "A young woman who dreams of being a children's author makes an unlikely friendship with a cantankerous, rich old widower.",
    "director": "Simon Aboud",
    "genre": Array [
      "Comedy",
      "Drama",
      "Fantasy",
    ],
    "metascore": "51",
    "rank": "733",
    "rating": "6.9",
    "revenue": "",
    "runtime": "100",
    "title": "This Beautiful Fantastic",
    "votes": "688",
    "year": "2016",
  },
  Object {
    "actors": Array [
      "Brendan Fraser",
      "Jet Li",
      "Maria Bello",
      "Michelle Yeoh",
    ],
    "description": "In the Far East, Alex O'Connell, the son of famed mummy fighters Rick and Evy O'Connell, unearths the mummy of the first Emperor of Qin -- a shape-shifting entity cursed by a witch centuries ago.",
    "director": "Rob Cohen",
    "genre": Array [
      "Action",
      "Adventure",
      "Fantasy",
    ],
    "metascore": "31",
    "rank": "740",
    "rating": "5.2",
    "revenue": "102.18",
    "runtime": "112",
    "title": "The Mummy: Tomb of the Dragon Emperor",
    "votes": "124554",
    "year": "2008",
  },
  Object {
    "actors": Array [
      "Logan Lerman",
      "Alexandra Daddario",
      "Brandon T. Jackson",
      "Nathan Fillion",
    ],
    "description": "In order to restore their dying safe haven, the son of Poseidon and his friends embark on a quest to the Sea of Monsters to find the mythical Golden Fleece while trying to stop an ancient evil from rising.",
    "director": "Thor Freudenthal",
    "genre": Array [
      "Adventure",
      "Family",
      "Fantasy",
    ],
    "metascore": "39",
    "rank": "750",
    "rating": "5.9",
    "revenue": "68.56",
    "runtime": "106",
    "title": "Percy Jackson: Sea of Monsters",
    "votes": "91684",
    "year": "2013",
  },
  Object {
    "actors": Array [
      "Jason Momoa",
      "Ron Perlman",
      "Rose McGowan",
      "Stephen Lang",
    ],
    "description": "A vengeful barbarian warrior sets off to get his revenge on the evil warlord who attacked his village and murdered his father when he was a boy.",
    "director": "Marcus Nispel",
    "genre": Array [
      "Action",
      "Adventure",
      "Fantasy",
    ],
    "metascore": "",
    "rank": "759",
    "rating": "5.2",
    "revenue": "21.27",
    "runtime": "113",
    "title": "Conan the Barbarian",
    "votes": "84893",
    "year": "2011",
  },
  Object {
    "actors": Array [
      "Harrison Ford",
      "Cate Blanchett",
      "Shia LaBeouf",
      "Karen Allen",
    ],
    "description": "Famed archaeologist/adventurer Dr. Henry \\"Indiana\\" Jones is called back into action when he becomes entangled in a Soviet plot to uncover the secret behind mysterious artifacts known as the Crystal Skulls.",
    "director": "Steven Spielberg",
    "genre": Array [
      "Action",
      "Adventure",
      "Fantasy",
    ],
    "metascore": "65",
    "rank": "768",
    "rating": "6.2",
    "revenue": "317.01",
    "runtime": "122",
    "title": "Indiana Jones and the Kingdom of the Crystal Skull",
    "votes": "351361",
    "year": "2008",
  },
  Object {
    "actors": Array [
      "Paul Giamatti",
      "Bryce Dallas Howard",
      "Jeffrey Wright",
      "Bob Balaban",
    ],
    "description": "Apartment building superintendent Cleveland Heep rescues what he thinks is a young woman from the pool he maintains. When he discovers that she is actually a character from a bedtime story who is trying to make the journey back to her home, he works with his tenants to protect his new friend from the creatures that are determined to keep her in our world.",
    "director": "M. Night Shyamalan",
    "genre": Array [
      "Drama",
      "Fantasy",
      "Mystery",
    ],
    "metascore": "36",
    "rank": "774",
    "rating": "5.6",
    "revenue": "42.27",
    "runtime": "110",
    "title": "Lady in the Water",
    "votes": "82701",
    "year": "2006",
  },
  Object {
    "actors": Array [
      "Lily-Rose Depp",
      "Harley Quinn Smith",
      "Johnny Depp",
      "Adam Brody",
    ],
    "description": "Two teenage yoga enthusiasts team up with a legendary man-hunter to battle with an ancient evil presence that is threatening their major party plans.",
    "director": "Kevin Smith",
    "genre": Array [
      "Comedy",
      "Fantasy",
      "Horror",
    ],
    "metascore": "23",
    "rank": "801",
    "rating": "4.3",
    "revenue": "",
    "runtime": "88",
    "title": "Yoga Hosers",
    "votes": "7091",
    "year": "2016",
  },
  Object {
    "actors": Array [
      "John Cusack",
      "Samuel L. Jackson",
      "Mary McCormack",
      "Paul Birchard",
    ],
    "description": "A man who specializes in debunking paranormal occurrences checks into the fabled room 1408 in the Dolphin Hotel. Soon after settling in, he confronts genuine terror.",
    "director": "Mikael Håfström",
    "genre": Array [
      "Fantasy",
      "Horror",
    ],
    "metascore": "64",
    "rank": "805",
    "rating": "6.8",
    "revenue": "71.98",
    "runtime": "104",
    "title": "1408",
    "votes": "221073",
    "year": "2007",
  },
  Object {
    "actors": Array [
      "Jake Gyllenhaal",
      "Gemma Arterton",
      "Ben Kingsley",
      "Alfred Molina",
    ],
    "description": "A young fugitive prince and princess must stop a villain who unknowingly threatens to destroy the world with a special dagger that enables the magic sand inside to reverse time.",
    "director": "Mike Newell",
    "genre": Array [
      "Action",
      "Adventure",
      "Fantasy",
    ],
    "metascore": "50",
    "rank": "807",
    "rating": "6.6",
    "revenue": "90.76",
    "runtime": "116",
    "title": "Prince of Persia: The Sands of Time",
    "votes": "233148",
    "year": "2010",
  },
  Object {
    "actors": Array [
      "Christopher Plummer",
      "Lily Cole",
      "Heath Ledger",
      "Andrew Garfield",
    ],
    "description": "A traveling theater company gives its audience much more than they were expecting.",
    "director": "Terry Gilliam",
    "genre": Array [
      "Adventure",
      "Fantasy",
      "Mystery",
    ],
    "metascore": "65",
    "rank": "822",
    "rating": "6.8",
    "revenue": "7.69",
    "runtime": "123",
    "title": "The Imaginarium of Doctor Parnassus",
    "votes": "130153",
    "year": "2009",
  },
  Object {
    "actors": Array [
      "Mark Chao",
      "Ni Ni",
      "Dave Bautista",
      "Sienna Guillory",
    ],
    "description": "A teenager is magically transported to China and learns to convert his video game skills into those of a Kung Fu warrior.",
    "director": "Matthias Hoene",
    "genre": Array [
      "Action",
      "Adventure",
      "Fantasy",
    ],
    "metascore": "77",
    "rank": "828",
    "rating": "5.3",
    "revenue": "",
    "runtime": "108",
    "title": "The Warriors Gate",
    "votes": "1391",
    "year": "2016",
  },
  Object {
    "actors": Array [
      "Daniel Radcliffe",
      "Juno Temple",
      "Max Minghella",
      "Joe Anderson",
    ],
    "description": "In the aftermath of his girlfriend's mysterious death, a young man awakens to find strange horns sprouting from his temples.",
    "director": "Alexandre Aja",
    "genre": Array [
      "Drama",
      "Fantasy",
      "Horror",
    ],
    "metascore": "46",
    "rank": "866",
    "rating": "6.5",
    "revenue": "0.16",
    "runtime": "120",
    "title": "Horns",
    "votes": "61060",
    "year": "2013",
  },
  Object {
    "actors": Array [
      "Justin Chatwin",
      "James Marsters",
      "Yun-Fat Chow",
      "Emmy Rossum",
    ],
    "description": "The young warrior Son Goku sets out on a quest, racing against time and the vengeful King Piccolo, to collect a set of seven magical orbs that will grant their wielder unlimited power.",
    "director": "James Wong",
    "genre": Array [
      "Action",
      "Adventure",
      "Fantasy",
    ],
    "metascore": "45",
    "rank": "872",
    "rating": "2.7",
    "revenue": "9.35",
    "runtime": "85",
    "title": "Dragonball Evolution",
    "votes": "59512",
    "year": "2009",
  },
  Object {
    "actors": Array [
      "Sam Worthington",
      "Liam Neeson",
      "Rosamund Pike",
      "Ralph Fiennes",
    ],
    "description": "Perseus braves the treacherous underworld to rescue his father, Zeus, captured by his son, Ares, and brother Hades who unleash the ancient Titans upon the world.",
    "director": "Jonathan Liebesman",
    "genre": Array [
      "Action",
      "Adventure",
      "Fantasy",
    ],
    "metascore": "37",
    "rank": "880",
    "rating": "5.8",
    "revenue": "83.64",
    "runtime": "99",
    "title": "Wrath of the Titans",
    "votes": "159230",
    "year": "2012",
  },
  Object {
    "actors": Array [
      "Brad Pitt",
      "Sean Penn",
      "Jessica Chastain",
      "Hunter McCracken",
    ],
    "description": "The story of a family in Waco, Texas in 1956. The eldest son witnesses the loss of innocence and struggles with his parents' conflicting teachings.",
    "director": "Terrence Malick",
    "genre": Array [
      "Drama",
      "Fantasy",
    ],
    "metascore": "85",
    "rank": "887",
    "rating": "6.8",
    "revenue": "13.3",
    "runtime": "139",
    "title": "The Tree of Life",
    "votes": "143517",
    "year": "2011",
  },
  Object {
    "actors": Array [
      "Salma Hayek",
      "Vincent Cassel",
      "Toby Jones",
      "John C. Reilly",
    ],
    "description": "From the bitter quest of the Queen of Longtrellis, to two mysterious sisters who provoke the passion of a king, to the King of Highhills obsessed with a giant Flea, these tales are inspired by the fairytales by Giambattista Basile.",
    "director": "Matteo Garrone",
    "genre": Array [
      "Drama",
      "Fantasy",
      "Horror",
    ],
    "metascore": "72",
    "rank": "911",
    "rating": "6.4",
    "revenue": "0.08",
    "runtime": "133",
    "title": "Il racconto dei racconti - Tale of Tales",
    "votes": "17565",
    "year": "2015",
  },
  Object {
    "actors": Array [
      "Jun Kunimura",
      "Jung-min Hwang",
      "Do-won Kwak",
      "Woo-hee Chun",
    ],
    "description": "A stranger arrives in a little village and soon after a mysterious sickness starts spreading. A policeman is drawn into the incident and is forced to solve the mystery in order to save his daughter.",
    "director": "Hong-jin Na",
    "genre": Array [
      "Drama",
      "Fantasy",
      "Horror",
    ],
    "metascore": "81",
    "rank": "916",
    "rating": "7.5",
    "revenue": "0.79",
    "runtime": "156",
    "title": "Goksung",
    "votes": "17962",
    "year": "2016",
  },
  Object {
    "actors": Array [
      "Ben Whishaw",
      "Dustin Hoffman",
      "Alan Rickman",
      "Francesc Albiol",
    ],
    "description": "Jean-Baptiste Grenouille, born with a superior olfactory sense, creates the world's finest perfume. His work, however, takes a dark turn as he searches for the ultimate scent.",
    "director": "Tom Tykwer",
    "genre": Array [
      "Crime",
      "Drama",
      "Fantasy",
    ],
    "metascore": "56",
    "rank": "919",
    "rating": "7.5",
    "revenue": "2.21",
    "runtime": "147",
    "title": "Perfume: The Story of a Murderer",
    "votes": "199387",
    "year": "2006",
  },
  Object {
    "actors": Array [
      "Nicole Kidman",
      "Daniel Craig",
      "Dakota Blue Richards",
      "Ben Walker",
    ],
    "description": "In a parallel universe, young Lyra Belacqua journeys to the far North to save her best friend and other kidnapped children from terrible experiments by a mysterious organization.",
    "director": "Chris Weitz",
    "genre": Array [
      "Adventure",
      "Family",
      "Fantasy",
    ],
    "metascore": "51",
    "rank": "920",
    "rating": "6.1",
    "revenue": "70.08",
    "runtime": "113",
    "title": "The Golden Compass",
    "votes": "155078",
    "year": "2007",
  },
  Object {
    "actors": Array [
      "Kristen Stewart",
      "Robert Pattinson",
      "Taylor Lautner",
      "Gil Birmingham",
    ],
    "description": "The Quileutes close in on expecting parents Edward and Bella, whose unborn child poses a threat to the Wolf Pack and the towns people of Forks.",
    "director": "Bill Condon",
    "genre": Array [
      "Adventure",
      "Drama",
      "Fantasy",
    ],
    "metascore": "45",
    "rank": "926",
    "rating": "4.9",
    "revenue": "281.28",
    "runtime": "117",
    "title": "The Twilight Saga: Breaking Dawn - Part 1",
    "votes": "190244",
    "year": "2011",
  },
  Object {
    "actors": Array [
      "Chloë Grace Moretz",
      "Mireille Enos",
      "Jamie Blackley",
      "Joshua Leonard",
    ],
    "description": "Life changes in an instant for young Mia Hall after a car accident puts her in a coma. During an out-of-body experience, she must decide whether to wake up and live a life far different than she had imagined. The choice is hers if she can go on.",
    "director": "R.J. Cutler",
    "genre": Array [
      "Drama",
      "Fantasy",
      "Music",
    ],
    "metascore": "46",
    "rank": "932",
    "rating": "6.8",
    "revenue": "50.46",
    "runtime": "107",
    "title": "If I Stay",
    "votes": "92170",
    "year": "2014",
  },
  Object {
    "actors": Array [
      "Kristen Stewart",
      "Robert Pattinson",
      "Taylor Lautner",
      "Xavier Samuel",
    ],
    "description": "As a string of mysterious killings grips Seattle, Bella, whose high school graduation is fast approaching, is forced to choose between her love for vampire Edward and her friendship with werewolf Jacob.",
    "director": "David Slade",
    "genre": Array [
      "Adventure",
      "Drama",
      "Fantasy",
    ],
    "metascore": "58",
    "rank": "942",
    "rating": "4.9",
    "revenue": "300.52",
    "runtime": "124",
    "title": "The Twilight Saga: Eclipse",
    "votes": "192740",
    "year": "2010",
  },
  Object {
    "actors": Array [
      "Melissa George",
      "Joshua McIvor",
      "Jack Taylor",
      "Michael Dorman",
    ],
    "description": "The story revolves around the passengers of a yachting trip in the Atlantic Ocean who, when struck by mysterious weather conditions, jump to another ship only to experience greater havoc on the open seas.",
    "director": "Christopher Smith",
    "genre": Array [
      "Fantasy",
      "Mystery",
      "Thriller",
    ],
    "metascore": "66",
    "rank": "946",
    "rating": "6.9",
    "revenue": "",
    "runtime": "99",
    "title": "Triangle",
    "votes": "72533",
    "year": "2009",
  },
  Object {
    "actors": Array [
      "Paul Bettany",
      "Dennis Quaid",
      "Charles S. Dutton",
      "Lucas Black",
    ],
    "description": "When a group of strangers at a dusty roadside diner come under attack by demonic forces, their only chance for survival lies with an archangel named Michael, who informs a pregnant waitress that her unborn child is humanity's last hope.",
    "director": "Scott Stewart",
    "genre": Array [
      "Action",
      "Fantasy",
      "Horror",
    ],
    "metascore": "32",
    "rank": "957",
    "rating": "5.2",
    "revenue": "40.17",
    "runtime": "100",
    "title": "Legion",
    "votes": "84158",
    "year": "2010",
  },
  Object {
    "actors": Array [
      "Evan Rachel Wood",
      "Jim Sturgess",
      "Joe Anderson",
      "Dana Fuchs",
    ],
    "description": "The music of the Beatles and the Vietnam War form the backdrop for the romance between an upper-class American girl and a poor Liverpudlian artist.",
    "director": "Julie Taymor",
    "genre": Array [
      "Drama",
      "Fantasy",
      "Musical",
    ],
    "metascore": "56",
    "rank": "983",
    "rating": "7.4",
    "revenue": "24.34",
    "runtime": "133",
    "title": "Across the Universe",
    "votes": "95172",
    "year": "2007",
  },
  Object {
    "actors": Array [
      "Danny McBride",
      "Natalie Portman",
      "James Franco",
      "Rasmus Hardiker",
    ],
    "description": "When Prince Fabious's bride is kidnapped, he goes on a quest to rescue her... accompanied by his lazy useless brother Thadeous.",
    "director": "David Gordon Green",
    "genre": Array [
      "Adventure",
      "Comedy",
      "Fantasy",
    ],
    "metascore": "31",
    "rank": "986",
    "rating": "5.6",
    "revenue": "21.56",
    "runtime": "102",
    "title": "Your Highness",
    "votes": "87904",
    "year": "2011",
  },
  Object {
    "actors": Array [
      "Rhona Mitra",
      "Michael Sheen",
      "Bill Nighy",
      "Steven Mackintosh",
    ],
    "description": "An origins story centered on the centuries-old feud between the race of aristocratic vampires and their onetime slaves, the Lycans.",
    "director": "Patrick Tatopoulos",
    "genre": Array [
      "Action",
      "Adventure",
      "Fantasy",
    ],
    "metascore": "44",
    "rank": "991",
    "rating": "6.6",
    "revenue": "45.8",
    "runtime": "92",
    "title": "Underworld: Rise of the Lycans",
    "votes": "129708",
    "year": "2009",
  },
  Object {
    "actors": Array [
      "Kevin Spacey",
      "Jennifer Garner",
      "Robbie Amell",
      "Cheryl Hines",
    ],
    "description": "A stuffy businessman finds himself trapped inside the body of his family's cat.",
    "director": "Barry Sonnenfeld",
    "genre": Array [
      "Comedy",
      "Family",
      "Fantasy",
    ],
    "metascore": "11",
    "rank": "1000",
    "rating": "5.3",
    "revenue": "19.64",
    "runtime": "87",
    "title": "Nine Lives",
    "votes": "12435",
    "year": "2016",
  },
]
`;

exports[`should return movies filtered by title 1`] = `
Array [
  Object {
    "actors": Array [
      "Jennifer Lawrence",
      "Chris Pratt",
      "Michael Sheen",
      "Laurence Fishburne",
    ],
    "description": "A spacecraft traveling to a distant colony planet and transporting thousands of people has a malfunction in its sleep chambers. As a result, two passengers are awakened 90 years early.",
    "director": "Morten Tyldum",
    "genre": Array [
      "Adventure",
      "Drama",
      "Romance",
    ],
    "metascore": "41",
    "rank": "10",
    "rating": "7",
    "revenue": "100.01",
    "runtime": "116",
    "title": "Passengers",
    "votes": "192177",
    "year": "2016",
  },
]
`;
